__all__ = [
    'CfgFooBarListOfPeopleHealthStub',
    'CfgFooBarListOfPeopleStub',
    'CfgFooBarListOfImportantPeopleStub',
    'CfgFooBarStub',
    'CfgFooStub',
    'CfgStub',
    'AlvissConfigStub',
]

from typing import *
from alviss.structs import Empty
from alviss.structs.cfgstub import _BaseCfgStub
from alviss.structs import BaseConfig


class CfgFooBarListOfPeopleHealthStub(_BaseCfgStub):
    blood_pressure: Union[int, Empty]
    weight: Union[float, Empty]
    alive: Union[bool, Empty]


class CfgFooBarListOfPeopleStub(_BaseCfgStub):
    name: Union[str, Empty]
    age: Union[int, Empty]
    shoe_size: Union[float, Empty]
    favorite_foods: Union[List[str], Empty]
    health: Union[CfgFooBarListOfPeopleHealthStub, Empty]


class CfgFooBarListOfImportantPeopleStub(_BaseCfgStub):
    name: str
    title: Union[str, Empty]


class CfgFooBarStub(_BaseCfgStub):
    list_of_people: Union[List[CfgFooBarListOfPeopleStub], Empty]
    list_of_important_people: List[CfgFooBarListOfImportantPeopleStub]


class CfgFooStub(_BaseCfgStub):
    bar: CfgFooBarStub


class CfgStub(_BaseCfgStub):
    foo: CfgFooStub


class AlvissConfigStub(BaseConfig, CfgStub):
    pass
